// Jest Snapshot v1, https://goo.gl/fbAQLP

exports[`AboutPage renders react component 1`] = `
<section
  class="hero is-light is-large is-bold"
>
  <div
    class="hero-body"
  >
    <div
      class="container"
    >
      <div
        class="content"
      >
        <h1
          class="title"
        >
          About
        </h1>
        <h2
          class="subtitle"
        >
          Control Center Application
        </h2>
        <p>
          This is a demo application for monitoring hypothetical remote sites in real-time. Each site has a number of sensors sending real-time values continuously.
        </p>
        <p>
          This demo application is built using some 
          <strong>
            best-practices
          </strong>
           and cool technologies.
        </p>
        <dl>
          <dt>
            Architecture
          </dt>
          <dd>
            <strong>
              Microservices
            </strong>
          </dd>
          <dd>
            <strong>
              Docker, Swarm, Kubernetes
            </strong>
          </dd>
          <dt>
            Front-End
          </dt>
          <dd>
            <strong>
              React, Redux
            </strong>
          </dd>
          <dd>
            <strong>
              Bulma
            </strong>
          </dd>
          <dd>
            <strong>
              Webpack
            </strong>
          </dd>
          <dt>
            Back-End
          </dt>
          <dd>
            <strong>
              Go
            </strong>
          </dd>
          <dd>
            <strong>
              Node.js, Express.js
            </strong>
          </dd>
          <dt>
            Database
          </dt>
          <dd>
            <strong>
              MongoDB, ArangoDB
            </strong>
          </dd>
          <dd>
            <strong>
              Postgres
            </strong>
          </dd>
          <dd>
            <strong>
              RabbitMQ, Redis
            </strong>
          </dd>
          <dt>
            API
          </dt>
          <dd>
            <strong>
              REST
            </strong>
          </dd>
          <dt>
            Gateways
          </dt>
          <dd>
            <strong>
              Traefik, Caddy
            </strong>
          </dd>
          <dt>
            Monitoring
          </dt>
          <dd>
            <strong>
              Prometheus, Grafana
            </strong>
          </dd>
          <dd>
            <strong>
              Fluentd, ElasticSearch, Kibana
            </strong>
          </dd>
          <dd>
            <strong>
              OpenTracing, Jaeger
            </strong>
          </dd>
        </dl>
      </div>
    </div>
  </div>
</section>
`;
